[Licensing::Module] Trying to connect to existing licensing client channel...
Built from '6000.2/staging' branch; Version is '6000.2.11f1 (7134d7685e5d) revision 7419095'; Using compiler version '194234433'; Build Type 'Release'
OS: 'Windows 11  (10.0.26200) 64bit Professional' Language: 'fr' Physical Memory: 16149 MB
BatchMode: 1, IsHumanControllingUs: 0, StartBugReporterOnCrash: 0, Is64bit: 1
[Licensing::IpcConnector] Successfully connected to: "LicenseClient-Ousman" at "2026-07-17T22:51:06.3839724Z"
Date: 2026-07-17T22:51:06Z

COMMAND LINE ARGUMENTS:
D:\Unity\6000.2.11f1\Editor\Unity.exe
-adb2
-batchMode
-noUpm
-name
AssetImportWorker0
-projectPath
D:/Unity/Projects/tooClose
-logFile
Logs/AssetImportWorker0.log
-srvPort
40291
-licensingIpc
LicenseClient-Ousman
-job-worker-count
3
-background-job-worker-count
8
-gc-helper-count
1
-name
AssetImport
Successfully changed project path to: D:/Unity/Projects/tooClose
D:/Unity/Projects/tooClose
[UnityMemory] Configuration Parameters - Can be set up in boot.config
    "memorysetup-allocator-temp-initial-block-size-main=262144"
    "memorysetup-allocator-temp-initial-block-size-worker=262144"
    "memorysetup-bucket-allocator-granularity=16"
    "memorysetup-bucket-allocator-bucket-count=8"
    "memorysetup-bucket-allocator-block-size=33554432"
    "memorysetup-bucket-allocator-block-count=8"
    "memorysetup-main-allocator-block-size=16777216"
    "memorysetup-thread-allocator-block-size=16777216"
    "memorysetup-gfx-main-allocator-block-size=16777216"
    "memorysetup-gfx-thread-allocator-block-size=16777216"
    "memorysetup-cache-allocator-block-size=4194304"
    "memorysetup-typetree-allocator-block-size=2097152"
    "memorysetup-profiler-bucket-allocator-granularity=16"
    "memorysetup-profiler-bucket-allocator-bucket-count=8"
    "memorysetup-profiler-bucket-allocator-block-size=33554432"
    "memorysetup-profiler-bucket-allocator-block-count=8"
    "memorysetup-profiler-allocator-block-size=16777216"
    "memorysetup-profiler-editor-allocator-block-size=1048576"
    "memorysetup-temp-allocator-size-main=16777216"
    "memorysetup-job-temp-allocator-block-size=2097152"
    "memorysetup-job-temp-allocator-block-size-background=1048576"
    "memorysetup-job-temp-allocator-reduction-small-platforms=262144"
    "memorysetup-temp-allocator-size-background-worker=32768"
    "memorysetup-temp-allocator-size-job-worker=262144"
    "memorysetup-temp-allocator-size-preload-manager=33554432"
    "memorysetup-temp-allocator-size-nav-mesh-worker=65536"
    "memorysetup-temp-allocator-size-audio-worker=65536"
    "memorysetup-temp-allocator-size-cloud-worker=32768"
    "memorysetup-temp-allocator-size-gi-baking-worker=262144"
    "memorysetup-temp-allocator-size-gi-baking-worker=262144"
    "memorysetup-temp-allocator-size-gi-baking-worker=262144"
    "memorysetup-temp-allocator-size-gi-baking-worker=262144"
    "memorysetup-temp-allocator-size-gi-baking-worker=262144"
    "memorysetup-temp-allocator-size-gfx=262144"
Player connection [12384]  Target information:

Player connection [12384]  * "[IP] 172.31.0.1 [Port] 0 [Flags] 2 [Guid] 4175066359 [EditorId] 4175066359 [Version] 1048832 [Id] WindowsEditor(7,HP-PAVILION-OS) [Debug] 1 [PackageName] WindowsEditor [ProjectName] Editor" 

Player connection [12384]  * "[IP] 192.168.1.5 [Port] 0 [Flags] 2 [Guid] 4175066359 [EditorId] 4175066359 [Version] 1048832 [Id] WindowsEditor(7,HP-PAVILION-OS) [Debug] 1 [PackageName] WindowsEditor [ProjectName] Editor" 

Player connection [12384] Host joined multi-casting on [225.0.0.222:54997]...
Player connection [12384] Host joined alternative multi-casting on [225.0.0.222:34997]...
JobSystem: Creating JobQueue using job-worker-count value 3
Input System module state changed to: Initialized.
[Physics::Module] Initialized fallback backend.
[Physics::Module] Id: 0xdecafbad
[Licensing::Client] Code 10 while verifying Licensing Client signature (process Id: 2556, path: "D:/Unity/Unity Hub/UnityLicensingClient_V1/Unity.Licensing.Client.exe")
[Licensing::Module] LicensingClient has failed validation; ignoring
[Licensing::Client] Handshaking with LicensingClient:
  Version:                 1.17.4+4293ba1
  Session Id:              caf1369e1d2e40e5893d7a899287ef60
  Correlation Id:          f9b669ed3c0d5e4f2c67a068655ba4ec
  External correlation Id: 6923590950474333478
  Machine Id:              japEv33VSu3fV8G5dVxPNuj/pTA=
[Licensing::Module] Successfully connected to LicensingClient on channel: "LicenseClient-Ousman" (connect: 0.00s, validation: 0.00s, handshake: 0.09s)
[Licensing::IpcConnector] Successfully connected to: "LicenseClient-Ousman-notifications" at "2026-07-17T22:51:06.4742959Z"
[Licensing::Module] Licensing Background thread has ended after 0.09s
Library Redirect Path: Library/
[Physics::Module] Selected backend.
[Physics::Module] Name: PhysX
[Physics::Module] Id: 0xf2b8ea05
[Physics::Module] SDK Version: 4.1.2
[Physics::Module] Integration Version: 1.0.0
[Physics::Module] Threading Mode: Multi-Threaded
[Licensing::Client] Successfully resolved entitlement details
[Licensing::Module] License group:
  Id: 11270117553698-UnityPersXXXX
  Product: Unity Personal
  Type: Assigned
  Expiration: Unlimited
Refreshing native plugins compatible for Editor in 103.11 ms, found 8 plugins.
Preloading 0 native plugins for Editor in 0.00 ms.
Initialize engine version: 6000.2.11f1 (7134d7685e5d)
[Subsystems] Discovering subsystems at path D:/Unity/6000.2.11f1/Editor/Data/Resources/UnitySubsystems
[Subsystems] Discovering subsystems at path D:/Unity/Projects/tooClose/Assets
GfxDevice: creating device client; kGfxThreadingModeNonThreaded
Direct3D:
    Version:  Direct3D 11.0 [level 11.1]
    Renderer: Intel(R) Iris(R) Xe Graphics (ID=0x9a49)
    Vendor:   Intel
    VRAM:     8074 MB
    Driver:   31.0.101.4502
Initialize mono
Mono path[0] = 'D:/Unity/6000.2.11f1/Editor/Data/Managed'
Mono path[1] = 'D:/Unity/6000.2.11f1/Editor/Data/MonoBleedingEdge/lib/mono/unityjit-win32'
Mono config path = 'D:/Unity/6000.2.11f1/Editor/Data/MonoBleedingEdge/etc'
Using monoOptions --debugger-agent=transport=dt_socket,embedding=1,server=y,suspend=n,address=127.0.0.1:56668
Begin MonoManager ReloadAssembly
Registering precompiled unity dll's ...
Register platform support module: D:/Unity/6000.2.11f1/Editor/Data/PlaybackEngines/WindowsStandaloneSupport/UnityEditor.WindowsStandalone.Extensions.dll
Register platform support module: D:/Unity/6000.2.11f1/Editor/Data/PlaybackEngines/AndroidPlayer/UnityEditor.Android.Extensions.dll
[Licensing::Client] Successfully resolved entitlement details
Register platform support module: D:/Unity/6000.2.11f1/Editor/Data/PlaybackEngines/iOSSupport/UnityEditor.iOS.Extensions.dll
Registered in 0.015227 seconds.
- Loaded All Assemblies, in  0.771 seconds
[usbmuxd] Start listen thread
[usbmuxd] Listen thread started
Native extension for iOS target not found
Native extension for Android target not found
Android Extension - Scanning For ADB Devices 876 ms
Native extension for WindowsStandalone target not found
Mono: successfully reloaded assembly
- Finished resetting the current domain, in  2.152 seconds
Domain Reload Profiling: 2910ms
	BeginReloadAssembly (254ms)
		ExecutionOrderSort (0ms)
		DisableScriptedObjects (0ms)
		BackupInstance (0ms)
		ReleaseScriptingObjects (0ms)
		CreateAndSetChildDomain (1ms)
	RebuildCommonClasses (55ms)
	RebuildNativeTypeToScriptingClass (20ms)
	initialDomainReloadingComplete (120ms)
	LoadAllAssembliesAndSetupDomain (307ms)
		LoadAssemblies (242ms)
		RebuildTransferFunctionScriptingTraits (0ms)
		AnalyzeDomain (300ms)
			TypeCache.Refresh (298ms)
				TypeCache.ScanAssembly (277ms)
			BuildScriptInfoCaches (0ms)
			ResolveRequiredComponents (1ms)
	FinalizeReload (2154ms)
		ReleaseScriptCaches (0ms)
		RebuildScriptCaches (0ms)
		SetupLoadedEditorAssemblies (2019ms)
			LogAssemblyErrors (0ms)
			InitializePlatformSupportModulesInManaged (1113ms)
			SetLoadedEditorAssemblies (6ms)
			BeforeProcessingInitializeOnLoad (193ms)
			ProcessInitializeOnLoadAttributes (366ms)
			ProcessInitializeOnLoadMethodAttributes (340ms)
			AfterProcessingInitializeOnLoad (0ms)
			EditorAssembliesLoaded (1ms)
		ExecutionOrderSort2 (0ms)
		AwakeInstancesAfterBackupRestoration (0ms)
Assembly reference Packages/com.unity.cinemachine/Editor/Samples/ExposeHDRPInternals/HDRP-Editor-ref.asmref has no target assembly definition
========================================================================
Worker process is ready to serve import requests
Import Worker Mode flag is 0x00
Assembly reference Packages/com.unity.cinemachine/Editor/Samples/ExposeHDRPInternals/HDRP-Editor-ref.asmref has no target assembly definition
Assembly reference Packages/com.unity.cinemachine/Editor/Samples/ExposeHDRPInternals/HDRP-Editor-ref.asmref has no target assembly definition
Begin MonoManager ReloadAssembly
[Licensing::Client] Successfully resolved entitlement details
Symbol file LoadedFromMemory is not a mono symbol file
- Loaded All Assemblies, in  3.032 seconds
Assembly reference Packages/com.unity.cinemachine/Editor/Samples/ExposeHDRPInternals/HDRP-Editor-ref.asmref has no target assembly definition
'Packages/com.unity.cinemachine/Editor/Obsolete/CinemachineVirtualCameraBaseEditor.cs' contains partial class of Unity.Object, exactly 1 of the partial classes needs to be in a file with the same filename. This is to know the one that can be referenced from ie. GameObjects
'Packages/com.unity.cinemachine/Editor/Editors/CinemachineVirtualCameraBaseEditor.cs' contains partial class of Unity.Object, exactly 1 of the partial classes needs to be in a file with the same filename. This is to know the one that can be referenced from ie. GameObjects
Refreshing native plugins compatible for Editor in 36.11 ms, found 8 plugins.
Native extension for iOS target not found
Native extension for Android target not found
Native extension for WindowsStandalone target not found
Assembly reference Packages/com.unity.cinemachine/Editor/Samples/ExposeHDRPInternals/HDRP-Editor-ref.asmref has no target assembly definition
Package Manager log level set to [2]
[Package Manager] Failed to launch server process. Reason: Unity was launched with the -noUpm command-line argument
[Package Manager] Unable to send message (not connected to server process).
[Package Manager] Cannot connect to Unity Package Manager local server
[Package Manager] Failed to launch server process. Reason: Unity was launched with the -noUpm command-line argument
[Package Manager] Unable to send message (not connected to server process).
[Package Manager] Cannot connect to Unity Package Manager local server
Refreshing native plugins compatible for Editor in 44.57 ms, found 8 plugins.
Mono: successfully reloaded assembly
- Finished resetting the current domain, in  2.810 seconds
Domain Reload Profiling: 5791ms
	BeginReloadAssembly (451ms)
		ExecutionOrderSort (0ms)
		DisableScriptedObjects (11ms)
		BackupInstance (0ms)
		ReleaseScriptingObjects (0ms)
		CreateAndSetChildDomain (53ms)
	RebuildCommonClasses (110ms)
	RebuildNativeTypeToScriptingClass (34ms)
	initialDomainReloadingComplete (141ms)
	LoadAllAssembliesAndSetupDomain (2245ms)
		LoadAssemblies (1680ms)
		RebuildTransferFunctionScriptingTraits (0ms)
		AnalyzeDomain (855ms)
			TypeCache.Refresh (660ms)
				TypeCache.ScanAssembly (609ms)
			BuildScriptInfoCaches (155ms)
			ResolveRequiredComponents (31ms)
	FinalizeReload (2811ms)
		ReleaseScriptCaches (0ms)
		RebuildScriptCaches (0ms)
		SetupLoadedEditorAssemblies (2365ms)
			LogAssemblyErrors (0ms)
			InitializePlatformSupportModulesInManaged (60ms)
			SetLoadedEditorAssemblies (6ms)
			BeforeProcessingInitializeOnLoad (480ms)
			ProcessInitializeOnLoadAttributes (1385ms)
			ProcessInitializeOnLoadMethodAttributes (397ms)
			AfterProcessingInitializeOnLoad (37ms)
			EditorAssembliesLoaded (1ms)
		ExecutionOrderSort2 (0ms)
		AwakeInstancesAfterBackupRestoration (12ms)
Launched and connected shader compiler UnityShaderCompiler.exe after 0.03 seconds
Refreshing native plugins compatible for Editor in 40.85 ms, found 8 plugins.
Preloading 0 native plugins for Editor in 0.00 ms.
Unloading 15 Unused Serialized files (Serialized files now loaded: 0)
Unloading 8484 unused Assets / (5.0 MB). Loaded Objects now: 9186.
Memory consumption went from 160.4 MB to 155.4 MB.
Total: 18.805000 ms (FindLiveObjects: 1.168200 ms CreateObjectMapping: 2.184200 ms MarkObjects: 9.837100 ms  DeleteObjects: 5.613300 ms)

========================================================================
Received Import Request.
  Time since last request: 235053.706329 seconds.
  path: Assets/Sounds/bigPlane2.mp3
  artifactKey: Guid(0a91693611e3ff941981ee17733c2b33) Importer(815301076,1909f56bfc062723c751e8b465ee728b)
Start importing Assets/Sounds/bigPlane2.mp3 using Guid(0a91693611e3ff941981ee17733c2b33) Importer(815301076,1909f56bfc062723c751e8b465ee728b) (PreviewImporter) -> (artifact id: 'de0a83529818ff9124a8860f0ca4303c') in 0.2219331 seconds
Number of updated asset objects reloaded before import = 0Number of asset objects unloaded after import = 2

========================================================================
Received Import Request.
  Time since last request: 0.000064 seconds.
  path: Assets/Sounds/mixkit-ethereal-fairy-win-sound-2019.wav
  artifactKey: Guid(8f2f894ac66c5164d888b19cd336e362) Importer(815301076,1909f56bfc062723c751e8b465ee728b)
Start importing Assets/Sounds/mixkit-ethereal-fairy-win-sound-2019.wav using Guid(8f2f894ac66c5164d888b19cd336e362) Importer(815301076,1909f56bfc062723c751e8b465ee728b) (PreviewImporter) -> (artifact id: 'e5032a55bcce4f40946e8f98cacf5144') in 0.0274544 seconds
Number of updated asset objects reloaded before import = 0Number of asset objects unloaded after import = 2

========================================================================
Received Import Request.
  Time since last request: 0.000049 seconds.
  path: Assets/Sounds/bigPlane.mp3
  artifactKey: Guid(6f1552b20d473284fb96d4cb4bc2e6d2) Importer(815301076,1909f56bfc062723c751e8b465ee728b)
Start importing Assets/Sounds/bigPlane.mp3 using Guid(6f1552b20d473284fb96d4cb4bc2e6d2) Importer(815301076,1909f56bfc062723c751e8b465ee728b) (PreviewImporter) -> (artifact id: '3c9f852bfcd0e4900d95812b984626c1') in 0.0277446 seconds
Number of updated asset objects reloaded before import = 0Number of asset objects unloaded after import = 2

========================================================================
Received Import Request.
  Time since last request: 0.000024 seconds.
  path: Assets/Sounds/propPlane.mp3
  artifactKey: Guid(9b28f14519b6af04ebdd65b6f7dd75e7) Importer(815301076,1909f56bfc062723c751e8b465ee728b)
Start importing Assets/Sounds/propPlane.mp3 using Guid(9b28f14519b6af04ebdd65b6f7dd75e7) Importer(815301076,1909f56bfc062723c751e8b465ee728b) (PreviewImporter) -> (artifact id: 'bfca6f6b94fc732126a13013e9a4586d') in 0.0216927 seconds
Number of updated asset objects reloaded before import = 0Number of asset objects unloaded after import = 2

========================================================================
Received Import Request.
  Time since last request: 0.000033 seconds.
  path: Assets/Sounds/mixkit-melodic-bonus-collect-1938 (1).wav
  artifactKey: Guid(49505239b33278d4d9bbfb804973380e) Importer(815301076,1909f56bfc062723c751e8b465ee728b)
Start importing Assets/Sounds/mixkit-melodic-bonus-collect-1938 (1).wav using Guid(49505239b33278d4d9bbfb804973380e) Importer(815301076,1909f56bfc062723c751e8b465ee728b) (PreviewImporter) -> (artifact id: '9806407349da26154d39587c1fa141cf') in 0.0186551 seconds
Number of updated asset objects reloaded before import = 0Number of asset objects unloaded after import = 2

========================================================================
Received Import Request.
  Time since last request: 0.000039 seconds.
  path: Assets/Sounds/IdleSound.mp3
  artifactKey: Guid(d8317760c43d3584a8d8ef85a23c343b) Importer(815301076,1909f56bfc062723c751e8b465ee728b)
Start importing Assets/Sounds/IdleSound.mp3 using Guid(d8317760c43d3584a8d8ef85a23c343b) Importer(815301076,1909f56bfc062723c751e8b465ee728b) (PreviewImporter) -> (artifact id: '12d45812312cf0ba06b15dd16d6da7a0') in 0.0136528 seconds
Number of updated asset objects reloaded before import = 0Number of asset objects unloaded after import = 2

========================================================================
Received Import Request.
  Time since last request: 3.676054 seconds.
  path: Assets/Imports/kenney_space-shooter-redux/Bonus
  artifactKey: Guid(a3f11c8b82c9c7c4d980ba75fa0402a9) Importer(815301076,1909f56bfc062723c751e8b465ee728b)
Start importing Assets/Imports/kenney_space-shooter-redux/Bonus using Guid(a3f11c8b82c9c7c4d980ba75fa0402a9) Importer(815301076,1909f56bfc062723c751e8b465ee728b) (PreviewImporter) -> (artifact id: '08c915f16c0ca6abef05777c5bd008b8') in 0.0008666 seconds
Number of updated asset objects reloaded before import = 0Number of asset objects unloaded after import = 0

========================================================================
Received Import Request.
  Time since last request: 0.000032 seconds.
  path: Assets/Imports/kenney_space-shooter-redux/Bonus/sfx_laser1.ogg
  artifactKey: Guid(a5828a2d3e10423498e10a7eec07eb63) Importer(815301076,1909f56bfc062723c751e8b465ee728b)
Start importing Assets/Imports/kenney_space-shooter-redux/Bonus/sfx_laser1.ogg using Guid(a5828a2d3e10423498e10a7eec07eb63) Importer(815301076,1909f56bfc062723c751e8b465ee728b) (PreviewImporter) -> (artifact id: '91643543190d4b2618e59fd3ed77954b') in 0.0118374 seconds
Number of updated asset objects reloaded before import = 0Number of asset objects unloaded after import = 2

========================================================================
Received Import Request.
  Time since last request: 0.000034 seconds.
  path: Assets/Imports/kenney_space-shooter-redux/Bonus/sfx_twoTone.ogg
  artifactKey: Guid(86eec66765345074cbd38d525ee7ef9d) Importer(815301076,1909f56bfc062723c751e8b465ee728b)
Start importing Assets/Imports/kenney_space-shooter-redux/Bonus/sfx_twoTone.ogg using Guid(86eec66765345074cbd38d525ee7ef9d) Importer(815301076,1909f56bfc062723c751e8b465ee728b) (PreviewImporter) -> (artifact id: '87602ab7f77d6f8f7d80d3e168946ffd') in 0.0150071 seconds
Number of updated asset objects reloaded before import = 0Number of asset objects unloaded after import = 2

========================================================================
Received Import Request.
  Time since last request: 0.000026 seconds.
  path: Assets/Imports/kenney_space-shooter-redux/Bonus/sfx_zap.ogg
  artifactKey: Guid(ba3d5077f677c864da56bed3f3489968) Importer(815301076,1909f56bfc062723c751e8b465ee728b)
Start importing Assets/Imports/kenney_space-shooter-redux/Bonus/sfx_zap.ogg using Guid(ba3d5077f677c864da56bed3f3489968) Importer(815301076,1909f56bfc062723c751e8b465ee728b) (PreviewImporter) -> (artifact id: '87830f342fdd501294b1e9906729184f') in 0.0143346 seconds
Number of updated asset objects reloaded before import = 0Number of asset objects unloaded after import = 2

========================================================================
Received Import Request.
  Time since last request: 0.000029 seconds.
  path: Assets/Imports/kenney_space-shooter-redux/Bonus/sfx_shieldDown.ogg
  artifactKey: Guid(988a58944b2cf6f40a91c6912507e954) Importer(815301076,1909f56bfc062723c751e8b465ee728b)
Start importing Assets/Imports/kenney_space-shooter-redux/Bonus/sfx_shieldDown.ogg using Guid(988a58944b2cf6f40a91c6912507e954) Importer(815301076,1909f56bfc062723c751e8b465ee728b) (PreviewImporter) -> (artifact id: '0761fabd6d21b174c594d520f213aa0c') in 0.0118074 seconds
Number of updated asset objects reloaded before import = 0Number of asset objects unloaded after import = 2

========================================================================
Received Import Request.
  Time since last request: 0.000046 seconds.
  path: Assets/Imports/kenney_space-shooter-redux/Bonus/sfx_laser2.ogg
  artifactKey: Guid(d82dbf2b38ec867448ee37aa2409abe1) Importer(815301076,1909f56bfc062723c751e8b465ee728b)
Start importing Assets/Imports/kenney_space-shooter-redux/Bonus/sfx_laser2.ogg using Guid(d82dbf2b38ec867448ee37aa2409abe1) Importer(815301076,1909f56bfc062723c751e8b465ee728b) (PreviewImporter) -> (artifact id: 'eab05cfb9eae616845b6377182c1e4c7') in 0.0114583 seconds
Number of updated asset objects reloaded before import = 0Number of asset objects unloaded after import = 2

========================================================================
Received Import Request.
  Time since last request: 0.000028 seconds.
  path: Assets/Imports/kenney_space-shooter-redux/Bonus/kenvector_future_thin.ttf
  artifactKey: Guid(392020b621d47844ab611c3b9468d321) Importer(815301076,1909f56bfc062723c751e8b465ee728b)
Start importing Assets/Imports/kenney_space-shooter-redux/Bonus/kenvector_future_thin.ttf using Guid(392020b621d47844ab611c3b9468d321) Importer(815301076,1909f56bfc062723c751e8b465ee728b) (PreviewImporter) -> (artifact id: 'c8e887a2bdbe246d914e5b7f86f1c425') in 0.4797442 seconds
Number of updated asset objects reloaded before import = 0Number of asset objects unloaded after import = 4

========================================================================
Received Import Request.
  Time since last request: 46.203575 seconds.
  path: Assets/Imports/kenney_ui-pack-space-expansion 1
  artifactKey: Guid(c6b3e85a84edd6148a3d504c9f943244) Importer(815301076,1909f56bfc062723c751e8b465ee728b)
Start importing Assets/Imports/kenney_ui-pack-space-expansion 1 using Guid(c6b3e85a84edd6148a3d504c9f943244) Importer(815301076,1909f56bfc062723c751e8b465ee728b) (PreviewImporter) -> (artifact id: '38632b5c026af83d645bcd6bc9a2338b') in 0.0027266 seconds
Number of updated asset objects reloaded before import = 0Number of asset objects unloaded after import = 0

========================================================================
Received Import Request.
  Time since last request: 4.391028 seconds.
  path: Assets/Imports/kenney_ui-pack-space-expansion
  artifactKey: Guid(800e83bbfb555a148bd310887f3f31cc) Importer(815301076,1909f56bfc062723c751e8b465ee728b)
Start importing Assets/Imports/kenney_ui-pack-space-expansion using Guid(800e83bbfb555a148bd310887f3f31cc) Importer(815301076,1909f56bfc062723c751e8b465ee728b) (PreviewImporter) -> (artifact id: '939a928ba8f688525ada95180c891074') in 0.0013303 seconds
Number of updated asset objects reloaded before import = 0Number of asset objects unloaded after import = 0

========================================================================
Received Import Request.
  Time since last request: 1.002118 seconds.
  path: Assets/Imports/kenney_ui-pack-space-expansion/PNG
  artifactKey: Guid(aaff70043384ce64fb5202e9d6613c79) Importer(815301076,1909f56bfc062723c751e8b465ee728b)
Start importing Assets/Imports/kenney_ui-pack-space-expansion/PNG using Guid(aaff70043384ce64fb5202e9d6613c79) Importer(815301076,1909f56bfc062723c751e8b465ee728b) (PreviewImporter) -> (artifact id: '8e6e5ed4f5abd90c5f6ff44759723cef') in 0.0014629 seconds
Number of updated asset objects reloaded before import = 0Number of asset objects unloaded after import = 0

========================================================================
Received Import Request.
  Time since last request: 1.631902 seconds.
  path: Assets/Imports/Sounds
  artifactKey: Guid(ed88bdb9394c70a4fabf2c5d2eacd570) Importer(815301076,1909f56bfc062723c751e8b465ee728b)
Start importing Assets/Imports/Sounds using Guid(ed88bdb9394c70a4fabf2c5d2eacd570) Importer(815301076,1909f56bfc062723c751e8b465ee728b) (PreviewImporter) -> (artifact id: '9c1e3cd9f7d780e25b69296e98b79d3c') in 0.0015062 seconds
Number of updated asset objects reloaded before import = 0Number of asset objects unloaded after import = 0

========================================================================
Received Import Request.
  Time since last request: 0.000029 seconds.
  path: Assets/Imports/Sounds/bloop-1-184019.mp3
  artifactKey: Guid(debd38abfe817174db043f49af784579) Importer(815301076,1909f56bfc062723c751e8b465ee728b)
Start importing Assets/Imports/Sounds/bloop-1-184019.mp3 using Guid(debd38abfe817174db043f49af784579) Importer(815301076,1909f56bfc062723c751e8b465ee728b) (PreviewImporter) -> (artifact id: 'a507f68d9a7009c8aa6064148147e9c9') in 0.015476 seconds
Number of updated asset objects reloaded before import = 0Number of asset objects unloaded after import = 2

========================================================================
Received Import Request.
  Time since last request: 0.000042 seconds.
  path: Assets/Imports/Sounds/mixkit-ethereal-fairy-win-sound-2019.wav
  artifactKey: Guid(a8d333a476dbff140ad7670cf00f759e) Importer(815301076,1909f56bfc062723c751e8b465ee728b)
Start importing Assets/Imports/Sounds/mixkit-ethereal-fairy-win-sound-2019.wav using Guid(a8d333a476dbff140ad7670cf00f759e) Importer(815301076,1909f56bfc062723c751e8b465ee728b) (PreviewImporter) -> (artifact id: 'd8309ae8a0a6c7bc67f108417c6ff149') in 0.0130177 seconds
Number of updated asset objects reloaded before import = 0Number of asset objects unloaded after import = 2

========================================================================
Received Import Request.
  Time since last request: 0.000030 seconds.
  path: Assets/Imports/Sounds/mixkit-shotgun-long-pump-1666.wav
  artifactKey: Guid(9faccea8f3236de4d85051d3bb847170) Importer(815301076,1909f56bfc062723c751e8b465ee728b)
Start importing Assets/Imports/Sounds/mixkit-shotgun-long-pump-1666.wav using Guid(9faccea8f3236de4d85051d3bb847170) Importer(815301076,1909f56bfc062723c751e8b465ee728b) (PreviewImporter) -> (artifact id: '1b930f703d0214ecfe9fe98ed7898209') in 0.0128673 seconds
Number of updated asset objects reloaded before import = 0Number of asset objects unloaded after import = 2

========================================================================
Received Import Request.
  Time since last request: 0.000038 seconds.
  path: Assets/Imports/Sounds/mixkit-laser-cannon-shot-1678.wav
  artifactKey: Guid(baac5836a745e2b47a117a9304f5e52b) Importer(815301076,1909f56bfc062723c751e8b465ee728b)
Start importing Assets/Imports/Sounds/mixkit-laser-cannon-shot-1678.wav using Guid(baac5836a745e2b47a117a9304f5e52b) Importer(815301076,1909f56bfc062723c751e8b465ee728b) (PreviewImporter) -> (artifact id: 'b56114aea15dcc9a14c5a72d829c5734') in 0.0119402 seconds
Number of updated asset objects reloaded before import = 0Number of asset objects unloaded after import = 2

========================================================================
Received Import Request.
  Time since last request: 0.000036 seconds.
  path: Assets/Imports/Sounds/mixkit-short-laser-gun-shot-1670.wav
  artifactKey: Guid(e99f5212321f7884da2e0aa51c9a284e) Importer(815301076,1909f56bfc062723c751e8b465ee728b)
Start importing Assets/Imports/Sounds/mixkit-short-laser-gun-shot-1670.wav using Guid(e99f5212321f7884da2e0aa51c9a284e) Importer(815301076,1909f56bfc062723c751e8b465ee728b) (PreviewImporter) -> (artifact id: '2e2012254a11be69cfd95d268e396643') in 0.0094125 seconds
Number of updated asset objects reloaded before import = 0Number of asset objects unloaded after import = 2

========================================================================
Received Import Request.
  Time since last request: 7.642354 seconds.
  path: Assets/Imports/mobile-controls-1
  artifactKey: Guid(c252f2100f2982644998bac874b2b124) Importer(815301076,1909f56bfc062723c751e8b465ee728b)
Start importing Assets/Imports/mobile-controls-1 using Guid(c252f2100f2982644998bac874b2b124) Importer(815301076,1909f56bfc062723c751e8b465ee728b) (PreviewImporter) -> (artifact id: '6e9407841a8a833a1edeaad62d4d9684') in 0.0037704 seconds
Number of updated asset objects reloaded before import = 0Number of asset objects unloaded after import = 0

========================================================================
Received Import Request.
  Time since last request: 6.472361 seconds.
  path: Assets/Imports/kenney_space-shooter-extension
  artifactKey: Guid(008b5be6a41899e4ba9e63f2c2cd9a76) Importer(815301076,1909f56bfc062723c751e8b465ee728b)
Start importing Assets/Imports/kenney_space-shooter-extension using Guid(008b5be6a41899e4ba9e63f2c2cd9a76) Importer(815301076,1909f56bfc062723c751e8b465ee728b) (PreviewImporter) -> (artifact id: 'b51cb86bbcfb7b177cec3d1bade259bb') in 0.0012352 seconds
Number of updated asset objects reloaded before import = 0Number of asset objects unloaded after import = 0

========================================================================
Received Import Request.
  Time since last request: 489.322010 seconds.
  path: Assets/Imports/kenney_interface-sounds (1)
  artifactKey: Guid(afc620ab4bc4aab40aeb9398b942bf2a) Importer(815301076,1909f56bfc062723c751e8b465ee728b)
Start importing Assets/Imports/kenney_interface-sounds (1) using Guid(afc620ab4bc4aab40aeb9398b942bf2a) Importer(815301076,1909f56bfc062723c751e8b465ee728b) (PreviewImporter) -> (artifact id: 'de805fed12cd8627748cf2a3df5875a9') in 0.0015729 seconds
Number of updated asset objects reloaded before import = 0Number of asset objects unloaded after import = 0

========================================================================
Received Import Request.
  Time since last request: 1.000968 seconds.
  path: Assets/Imports/kenney_interface-sounds (1)/Audio
  artifactKey: Guid(e0fb5292d17e0dd4fb59788a6c14a6c1) Importer(815301076,1909f56bfc062723c751e8b465ee728b)
Start importing Assets/Imports/kenney_interface-sounds (1)/Audio using Guid(e0fb5292d17e0dd4fb59788a6c14a6c1) Importer(815301076,1909f56bfc062723c751e8b465ee728b) (PreviewImporter) -> (artifact id: '4b12819c85fd24c1e9a9728725952e01') in 0.0012315 seconds
Number of updated asset objects reloaded before import = 0Number of asset objects unloaded after import = 0

========================================================================
Received Import Request.
  Time since last request: 0.000044 seconds.
  path: Assets/Imports/kenney_interface-sounds (1)/Audio/back_001.ogg
  artifactKey: Guid(3b6cfc89011c02d4884607c34b40aa43) Importer(815301076,1909f56bfc062723c751e8b465ee728b)
Start importing Assets/Imports/kenney_interface-sounds (1)/Audio/back_001.ogg using Guid(3b6cfc89011c02d4884607c34b40aa43) Importer(815301076,1909f56bfc062723c751e8b465ee728b) (PreviewImporter) -> (artifact id: '8dffa1c261b1c4421f0bcfbffa3c3f51') in 0.0109323 seconds
Number of updated asset objects reloaded before import = 0Number of asset objects unloaded after import = 2

========================================================================
Received Import Request.
  Time since last request: 0.000056 seconds.
  path: Assets/Imports/kenney_interface-sounds (1)/Audio/minimize_004.ogg
  artifactKey: Guid(f47733beeaa4ddc439d0943ccf2c4e79) Importer(815301076,1909f56bfc062723c751e8b465ee728b)
Start importing Assets/Imports/kenney_interface-sounds (1)/Audio/minimize_004.ogg using Guid(f47733beeaa4ddc439d0943ccf2c4e79) Importer(815301076,1909f56bfc062723c751e8b465ee728b) (PreviewImporter) -> (artifact id: 'aa17b536e0954143e29f28118192ee08') in 0.0092426 seconds
Number of updated asset objects reloaded before import = 0Number of asset objects unloaded after import = 2

========================================================================
Received Import Request.
  Time since last request: 0.000040 seconds.
  path: Assets/Imports/kenney_interface-sounds (1)/Audio/drop_002.ogg
  artifactKey: Guid(edef5ecbc8a4d9a42b098c26908f09a9) Importer(815301076,1909f56bfc062723c751e8b465ee728b)
Start importing Assets/Imports/kenney_interface-sounds (1)/Audio/drop_002.ogg using Guid(edef5ecbc8a4d9a42b098c26908f09a9) Importer(815301076,1909f56bfc062723c751e8b465ee728b) (PreviewImporter) -> (artifact id: 'ff45745d862b8a72f86bf26d786bc1ad') in 0.0079278 seconds
Number of updated asset objects reloaded before import = 0Number of asset objects unloaded after import = 2

========================================================================
Received Import Request.
  Time since last request: 0.000060 seconds.
  path: Assets/Imports/kenney_interface-sounds (1)/Audio/error_003.ogg
  artifactKey: Guid(41e43fcb94adf6a44b239b9595535d5e) Importer(815301076,1909f56bfc062723c751e8b465ee728b)
Start importing Assets/Imports/kenney_interface-sounds (1)/Audio/error_003.ogg using Guid(41e43fcb94adf6a44b239b9595535d5e) Importer(815301076,1909f56bfc062723c751e8b465ee728b) (PreviewImporter) -> (artifact id: '1c7955c193e6af021e8a9826e63542c6') in 0.009171 seconds
Number of updated asset objects reloaded before import = 0Number of asset objects unloaded after import = 2

========================================================================
Received Import Request.
  Time since last request: 0.000029 seconds.
  path: Assets/Imports/kenney_interface-sounds (1)/Audio/maximize_002.ogg
  artifactKey: Guid(d5777a344805d154a8957bc79a264858) Importer(815301076,1909f56bfc062723c751e8b465ee728b)
Start importing Assets/Imports/kenney_interface-sounds (1)/Audio/maximize_002.ogg using Guid(d5777a344805d154a8957bc79a264858) Importer(815301076,1909f56bfc062723c751e8b465ee728b) (PreviewImporter) -> (artifact id: 'c16883395a9404692106d8409c4a4ec0') in 0.0097625 seconds
Number of updated asset objects reloaded before import = 0Number of asset objects unloaded after import = 2

========================================================================
Received Import Request.
  Time since last request: 0.000053 seconds.
  path: Assets/Imports/kenney_interface-sounds (1)/Audio/maximize_006.ogg
  artifactKey: Guid(d08a7a4fa24e8b5429ef8f2c24e0885c) Importer(815301076,1909f56bfc062723c751e8b465ee728b)
Start importing Assets/Imports/kenney_interface-sounds (1)/Audio/maximize_006.ogg using Guid(d08a7a4fa24e8b5429ef8f2c24e0885c) Importer(815301076,1909f56bfc062723c751e8b465ee728b) (PreviewImporter) -> (artifact id: 'a9b652be5ba714c30a3a8c04079c3853') in 0.0094139 seconds
Number of updated asset objects reloaded before import = 0Number of asset objects unloaded after import = 2

========================================================================
Received Import Request.
  Time since last request: 0.000036 seconds.
  path: Assets/Imports/kenney_interface-sounds (1)/Audio/glitch_002.ogg
  artifactKey: Guid(1ad4ba90f43c7be4bb1524df6c65e10f) Importer(815301076,1909f56bfc062723c751e8b465ee728b)
Start importing Assets/Imports/kenney_interface-sounds (1)/Audio/glitch_002.ogg using Guid(1ad4ba90f43c7be4bb1524df6c65e10f) Importer(815301076,1909f56bfc062723c751e8b465ee728b) (PreviewImporter) -> (artifact id: '5f8d203b7993e35a85919f3ab9096faa') in 0.0095532 seconds
Number of updated asset objects reloaded before import = 0Number of asset objects unloaded after import = 2

========================================================================
Received Import Request.
  Time since last request: 0.000041 seconds.
  path: Assets/Imports/kenney_interface-sounds (1)/Audio/confirmation_004.ogg
  artifactKey: Guid(5abf22d732418d544b74401c5895fc39) Importer(815301076,1909f56bfc062723c751e8b465ee728b)
Start importing Assets/Imports/kenney_interface-sounds (1)/Audio/confirmation_004.ogg using Guid(5abf22d732418d544b74401c5895fc39) Importer(815301076,1909f56bfc062723c751e8b465ee728b) (PreviewImporter) -> (artifact id: '7884fee77c19989647a622ed234cebb1') in 0.0098779 seconds
Number of updated asset objects reloaded before import = 0Number of asset objects unloaded after import = 2

========================================================================
Received Import Request.
  Time since last request: 0.000031 seconds.
  path: Assets/Imports/kenney_interface-sounds (1)/Audio/maximize_004.ogg
  artifactKey: Guid(636ef02e8fc00d345a8cdf9415ec27af) Importer(815301076,1909f56bfc062723c751e8b465ee728b)
Start importing Assets/Imports/kenney_interface-sounds (1)/Audio/maximize_004.ogg using Guid(636ef02e8fc00d345a8cdf9415ec27af) Importer(815301076,1909f56bfc062723c751e8b465ee728b) (PreviewImporter) -> (artifact id: 'adae3a558aaa841a8b0aca6ae0cdaaf8') in 0.0081087 seconds
Number of updated asset objects reloaded before import = 0Number of asset objects unloaded after import = 2

========================================================================
Received Import Request.
  Time since last request: 0.000059 seconds.
  path: Assets/Imports/kenney_interface-sounds (1)/Audio/minimize_003.ogg
  artifactKey: Guid(ae75c3722c893864f805837e611d2982) Importer(815301076,1909f56bfc062723c751e8b465ee728b)
Start importing Assets/Imports/kenney_interface-sounds (1)/Audio/minimize_003.ogg using Guid(ae75c3722c893864f805837e611d2982) Importer(815301076,1909f56bfc062723c751e8b465ee728b) (PreviewImporter) -> (artifact id: 'b8ce1d1382e6a758952d9907141dcd90') in 0.0086035 seconds
Number of updated asset objects reloaded before import = 0Number of asset objects unloaded after import = 2

========================================================================
Received Import Request.
  Time since last request: 0.000037 seconds.
  path: Assets/Imports/kenney_interface-sounds (1)/Audio/glass_001.ogg
  artifactKey: Guid(105f10d6b2818e44ea485cf21a808d0e) Importer(815301076,1909f56bfc062723c751e8b465ee728b)
Start importing Assets/Imports/kenney_interface-sounds (1)/Audio/glass_001.ogg using Guid(105f10d6b2818e44ea485cf21a808d0e) Importer(815301076,1909f56bfc062723c751e8b465ee728b) (PreviewImporter) -> (artifact id: 'f49d83213a992e8d810a3257d8e24c89') in 0.0092926 seconds
Number of updated asset objects reloaded before import = 0Number of asset objects unloaded after import = 2

========================================================================
Received Import Request.
  Time since last request: 0.000044 seconds.
  path: Assets/Imports/kenney_interface-sounds (1)/Audio/click_001.ogg
  artifactKey: Guid(c6f9eb3ab3507db48a2fad53881e9c03) Importer(815301076,1909f56bfc062723c751e8b465ee728b)
Start importing Assets/Imports/kenney_interface-sounds (1)/Audio/click_001.ogg using Guid(c6f9eb3ab3507db48a2fad53881e9c03) Importer(815301076,1909f56bfc062723c751e8b465ee728b) (PreviewImporter) -> (artifact id: '3c02f000015520438cc888fc9d1ac9f0') in 0.0086305 seconds
Number of updated asset objects reloaded before import = 0Number of asset objects unloaded after import = 2

========================================================================
Received Import Request.
  Time since last request: 0.000052 seconds.
  path: Assets/Imports/kenney_interface-sounds (1)/Audio/close_004.ogg
  artifactKey: Guid(c96893b7a200a8f48a92b6be83b90cb1) Importer(815301076,1909f56bfc062723c751e8b465ee728b)
Start importing Assets/Imports/kenney_interface-sounds (1)/Audio/close_004.ogg using Guid(c96893b7a200a8f48a92b6be83b90cb1) Importer(815301076,1909f56bfc062723c751e8b465ee728b) (PreviewImporter) -> (artifact id: 'cc0e52287839248c0cc2bb7e8e51ec5c') in 0.0104564 seconds
Number of updated asset objects reloaded before import = 0Number of asset objects unloaded after import = 2

========================================================================
Received Import Request.
  Time since last request: 0.000039 seconds.
  path: Assets/Imports/kenney_interface-sounds (1)/Audio/pluck_002.ogg
  artifactKey: Guid(74ec1b136da91e74db51b4c8399f5a03) Importer(815301076,1909f56bfc062723c751e8b465ee728b)
Start importing Assets/Imports/kenney_interface-sounds (1)/Audio/pluck_002.ogg using Guid(74ec1b136da91e74db51b4c8399f5a03) Importer(815301076,1909f56bfc062723c751e8b465ee728b) (PreviewImporter) -> (artifact id: '13959488104626c30ab8c4c118282f62') in 0.0096361 seconds
Number of updated asset objects reloaded before import = 0Number of asset objects unloaded after import = 2

========================================================================
Received Import Request.
  Time since last request: 0.000042 seconds.
  path: Assets/Imports/kenney_interface-sounds (1)/Audio/question_001.ogg
  artifactKey: Guid(71c70da66de760447865634fb8821d5d) Importer(815301076,1909f56bfc062723c751e8b465ee728b)
Start importing Assets/Imports/kenney_interface-sounds (1)/Audio/question_001.ogg using Guid(71c70da66de760447865634fb8821d5d) Importer(815301076,1909f56bfc062723c751e8b465ee728b) (PreviewImporter) -> (artifact id: '0ff098477f75e2f170d47cabeb130d72') in 0.0085825 seconds
Number of updated asset objects reloaded before import = 0Number of asset objects unloaded after import = 2

========================================================================
Received Import Request.
  Time since last request: 0.000032 seconds.
  path: Assets/Imports/kenney_interface-sounds (1)/Audio/drop_003.ogg
  artifactKey: Guid(05951aa74914dc748a2228206a15fb3e) Importer(815301076,1909f56bfc062723c751e8b465ee728b)
Start importing Assets/Imports/kenney_interface-sounds (1)/Audio/drop_003.ogg using Guid(05951aa74914dc748a2228206a15fb3e) Importer(815301076,1909f56bfc062723c751e8b465ee728b) (PreviewImporter) -> (artifact id: '361576e59e91f5f6f802468400549811') in 0.0099891 seconds
Number of updated asset objects reloaded before import = 0Number of asset objects unloaded after import = 2

========================================================================
Received Import Request.
  Time since last request: 0.000048 seconds.
  path: Assets/Imports/kenney_interface-sounds (1)/Audio/minimize_009.ogg
  artifactKey: Guid(1c95fc1197d21484f8d823add51642dd) Importer(815301076,1909f56bfc062723c751e8b465ee728b)
Start importing Assets/Imports/kenney_interface-sounds (1)/Audio/minimize_009.ogg using Guid(1c95fc1197d21484f8d823add51642dd) Importer(815301076,1909f56bfc062723c751e8b465ee728b) (PreviewImporter) -> (artifact id: 'ce6f3b1c7f5eb6570d324f6775febc42') in 0.0073128 seconds
Number of updated asset objects reloaded before import = 0Number of asset objects unloaded after import = 2

========================================================================
Received Import Request.
  Time since last request: 0.000035 seconds.
  path: Assets/Imports/kenney_interface-sounds (1)/Audio/open_001.ogg
  artifactKey: Guid(bec38571a1b461e42b4c3d4ebceabc12) Importer(815301076,1909f56bfc062723c751e8b465ee728b)
Start importing Assets/Imports/kenney_interface-sounds (1)/Audio/open_001.ogg using Guid(bec38571a1b461e42b4c3d4ebceabc12) Importer(815301076,1909f56bfc062723c751e8b465ee728b) (PreviewImporter) -> (artifact id: '27097633bb626208a02301bbd4982246') in 0.0134727 seconds
Number of updated asset objects reloaded before import = 0Number of asset objects unloaded after import = 2

========================================================================
Received Import Request.
  Time since last request: 0.000044 seconds.
  path: Assets/Imports/kenney_interface-sounds (1)/Audio/question_002.ogg
  artifactKey: Guid(1218388b5264ed6408a9e15f317fb7bf) Importer(815301076,1909f56bfc062723c751e8b465ee728b)
Start importing Assets/Imports/kenney_interface-sounds (1)/Audio/question_002.ogg using Guid(1218388b5264ed6408a9e15f317fb7bf) Importer(815301076,1909f56bfc062723c751e8b465ee728b) (PreviewImporter) -> (artifact id: '5f51aa619657ed1137ef09a574624a82') in 0.0105792 seconds
Number of updated asset objects reloaded before import = 0Number of asset objects unloaded after import = 2

========================================================================
Received Import Request.
  Time since last request: 0.000036 seconds.
  path: Assets/Imports/kenney_interface-sounds (1)/Audio/click_003.ogg
  artifactKey: Guid(714dcec53d8d6c94a88b6612a840c631) Importer(815301076,1909f56bfc062723c751e8b465ee728b)
Start importing Assets/Imports/kenney_interface-sounds (1)/Audio/click_003.ogg using Guid(714dcec53d8d6c94a88b6612a840c631) Importer(815301076,1909f56bfc062723c751e8b465ee728b) (PreviewImporter) -> (artifact id: '6dd089fa3b00adf81e01d30743098226') in 0.0102764 seconds
Number of updated asset objects reloaded before import = 0Number of asset objects unloaded after import = 2

========================================================================
Received Import Request.
  Time since last request: 0.000038 seconds.
  path: Assets/Imports/kenney_interface-sounds (1)/Audio/pluck_001.ogg
  artifactKey: Guid(df8e857a1d72ee0418f46f2a61bcf208) Importer(815301076,1909f56bfc062723c751e8b465ee728b)
Start importing Assets/Imports/kenney_interface-sounds (1)/Audio/pluck_001.ogg using Guid(df8e857a1d72ee0418f46f2a61bcf208) Importer(815301076,1909f56bfc062723c751e8b465ee728b) (PreviewImporter) -> (artifact id: 'e61de8eb83617868268697ad9cae4f19') in 0.011686 seconds
Number of updated asset objects reloaded before import = 0Number of asset objects unloaded after import = 2

========================================================================
Received Import Request.
  Time since last request: 0.000037 seconds.
  path: Assets/Imports/kenney_interface-sounds (1)/Audio/close_002.ogg
  artifactKey: Guid(6dd7270a142bc0549830c998c507e673) Importer(815301076,1909f56bfc062723c751e8b465ee728b)
Start importing Assets/Imports/kenney_interface-sounds (1)/Audio/close_002.ogg using Guid(6dd7270a142bc0549830c998c507e673) Importer(815301076,1909f56bfc062723c751e8b465ee728b) (PreviewImporter) -> (artifact id: 'ac5094162fefe0c9acc73a96a9c274ea') in 0.0108443 seconds
Number of updated asset objects reloaded before import = 0Number of asset objects unloaded after import = 2

========================================================================
Received Import Request.
  Time since last request: 0.000030 seconds.
  path: Assets/Imports/kenney_interface-sounds (1)/Audio/confirmation_001.ogg
  artifactKey: Guid(1289cf69774622b488a8285930109419) Importer(815301076,1909f56bfc062723c751e8b465ee728b)
Start importing Assets/Imports/kenney_interface-sounds (1)/Audio/confirmation_001.ogg using Guid(1289cf69774622b488a8285930109419) Importer(815301076,1909f56bfc062723c751e8b465ee728b) (PreviewImporter) -> (artifact id: 'b6f75fc5bb76719b3d31941825994453') in 0.0110312 seconds
Number of updated asset objects reloaded before import = 0Number of asset objects unloaded after import = 2

========================================================================
Received Import Request.
  Time since last request: 0.000042 seconds.
  path: Assets/Imports/kenney_interface-sounds (1)/Audio/error_001.ogg
  artifactKey: Guid(2a41b3a332e0b434b84535bfaa5ba104) Importer(815301076,1909f56bfc062723c751e8b465ee728b)
Start importing Assets/Imports/kenney_interface-sounds (1)/Audio/error_001.ogg using Guid(2a41b3a332e0b434b84535bfaa5ba104) Importer(815301076,1909f56bfc062723c751e8b465ee728b) (PreviewImporter) -> (artifact id: '82c029ac2f87d9eb48edcc9d45678c08') in 0.0110479 seconds
Number of updated asset objects reloaded before import = 0Number of asset objects unloaded after import = 2

========================================================================
Received Import Request.
  Time since last request: 0.000064 seconds.
  path: Assets/Imports/kenney_interface-sounds (1)/Audio/maximize_008.ogg
  artifactKey: Guid(96e190a590b60ab46a68ccc379529f39) Importer(815301076,1909f56bfc062723c751e8b465ee728b)
Start importing Assets/Imports/kenney_interface-sounds (1)/Audio/maximize_008.ogg using Guid(96e190a590b60ab46a68ccc379529f39) Importer(815301076,1909f56bfc062723c751e8b465ee728b) (PreviewImporter) -> (artifact id: '0f68d3c2af928e877abeef69f71d2457') in 0.0111173 seconds
Number of updated asset objects reloaded before import = 0Number of asset objects unloaded after import = 2

========================================================================
Received Import Request.
  Time since last request: 0.000039 seconds.
  path: Assets/Imports/kenney_interface-sounds (1)/Audio/minimize_002.ogg
  artifactKey: Guid(31a1374a736369241b9e51770601e705) Importer(815301076,1909f56bfc062723c751e8b465ee728b)
Start importing Assets/Imports/kenney_interface-sounds (1)/Audio/minimize_002.ogg using Guid(31a1374a736369241b9e51770601e705) Importer(815301076,1909f56bfc062723c751e8b465ee728b) (PreviewImporter) -> (artifact id: '611472bd5f5d11cdac812959b04b860e') in 0.0107172 seconds
Number of updated asset objects reloaded before import = 0Number of asset objects unloaded after import = 2

========================================================================
Received Import Request.
  Time since last request: 0.000033 seconds.
  path: Assets/Imports/kenney_interface-sounds (1)/Audio/minimize_008.ogg
  artifactKey: Guid(db39e54f6db117442a1eda4bfd3ff52d) Importer(815301076,1909f56bfc062723c751e8b465ee728b)
Start importing Assets/Imports/kenney_interface-sounds (1)/Audio/minimize_008.ogg using Guid(db39e54f6db117442a1eda4bfd3ff52d) Importer(815301076,1909f56bfc062723c751e8b465ee728b) (PreviewImporter) -> (artifact id: '49547325b21c215c2382a0a8ae6da936') in 0.008925 seconds
Number of updated asset objects reloaded before import = 0Number of asset objects unloaded after import = 2

========================================================================
Received Import Request.
  Time since last request: 0.000048 seconds.
  path: Assets/Imports/kenney_interface-sounds (1)/Audio/click_004.ogg
  artifactKey: Guid(8cd544f0f21e84b4d80215fc39397b97) Importer(815301076,1909f56bfc062723c751e8b465ee728b)
Start importing Assets/Imports/kenney_interface-sounds (1)/Audio/click_004.ogg using Guid(8cd544f0f21e84b4d80215fc39397b97) Importer(815301076,1909f56bfc062723c751e8b465ee728b) (PreviewImporter) -> (artifact id: 'a5a6a9b50985fd0dca9cf230b67c8b73') in 0.0094728 seconds
Number of updated asset objects reloaded before import = 0Number of asset objects unloaded after import = 2

========================================================================
Received Import Request.
  Time since last request: 0.000044 seconds.
  path: Assets/Imports/kenney_interface-sounds (1)/Audio/open_004.ogg
  artifactKey: Guid(05469dd992ea6bc4da6b80fac98cd87e) Importer(815301076,1909f56bfc062723c751e8b465ee728b)
Start importing Assets/Imports/kenney_interface-sounds (1)/Audio/open_004.ogg using Guid(05469dd992ea6bc4da6b80fac98cd87e) Importer(815301076,1909f56bfc062723c751e8b465ee728b) (PreviewImporter) -> (artifact id: 'f8141269c65b61571df46abb39ed0054') in 0.0095856 seconds
Number of updated asset objects reloaded before import = 0Number of asset objects unloaded after import = 2

========================================================================
Received Import Request.
  Time since last request: 0.000029 seconds.
  path: Assets/Imports/kenney_interface-sounds (1)/Audio/question_003.ogg
  artifactKey: Guid(ed1d8946f90f52c4a98e6564f73d4375) Importer(815301076,1909f56bfc062723c751e8b465ee728b)
Start importing Assets/Imports/kenney_interface-sounds (1)/Audio/question_003.ogg using Guid(ed1d8946f90f52c4a98e6564f73d4375) Importer(815301076,1909f56bfc062723c751e8b465ee728b) (PreviewImporter) -> (artifact id: 'b1555c0d6a422decd2913bb36a659f93') in 0.0112186 seconds
Number of updated asset objects reloaded before import = 0Number of asset objects unloaded after import = 2

========================================================================
Received Import Request.
  Time since last request: 0.000050 seconds.
  path: Assets/Imports/kenney_interface-sounds (1)/Audio/maximize_009.ogg
  artifactKey: Guid(2f82e27b08434cf43918c1c3dea2d1b5) Importer(815301076,1909f56bfc062723c751e8b465ee728b)
Start importing Assets/Imports/kenney_interface-sounds (1)/Audio/maximize_009.ogg using Guid(2f82e27b08434cf43918c1c3dea2d1b5) Importer(815301076,1909f56bfc062723c751e8b465ee728b) (PreviewImporter) -> (artifact id: '3043eb7b912eb5e25ccb47615acffb3f') in 0.0142586 seconds
Number of updated asset objects reloaded before import = 0Number of asset objects unloaded after import = 2

========================================================================
Received Import Request.
  Time since last request: 0.000059 seconds.
  path: Assets/Imports/kenney_interface-sounds (1)/Audio/confirmation_002.ogg
  artifactKey: Guid(9f8167ecf53e7fb4d8e3716dd8e59fa7) Importer(815301076,1909f56bfc062723c751e8b465ee728b)
Start importing Assets/Imports/kenney_interface-sounds (1)/Audio/confirmation_002.ogg using Guid(9f8167ecf53e7fb4d8e3716dd8e59fa7) Importer(815301076,1909f56bfc062723c751e8b465ee728b) (PreviewImporter) -> (artifact id: 'bd100fe89d35b0ff50639a21f6a011af') in 0.0098192 seconds
Number of updated asset objects reloaded before import = 0Number of asset objects unloaded after import = 2

========================================================================
Received Import Request.
  Time since last request: 0.000038 seconds.
  path: Assets/Imports/kenney_interface-sounds (1)/Audio/close_001.ogg
  artifactKey: Guid(48da4f91e22f5ca4eb205ddbdeb1c72e) Importer(815301076,1909f56bfc062723c751e8b465ee728b)
Start importing Assets/Imports/kenney_interface-sounds (1)/Audio/close_001.ogg using Guid(48da4f91e22f5ca4eb205ddbdeb1c72e) Importer(815301076,1909f56bfc062723c751e8b465ee728b) (PreviewImporter) -> (artifact id: '15fc496774b87518e336cbdd02e45514') in 0.0104103 seconds
Number of updated asset objects reloaded before import = 0Number of asset objects unloaded after import = 2

========================================================================
Received Import Request.
  Time since last request: 730.811879 seconds.
  path: Assets/Imports/kenney_interface-sounds (1)/Audio/question_004.ogg
  artifactKey: Guid(0d2e3776c8383eb48b7027fa9a931ff5) Importer(815301076,1909f56bfc062723c751e8b465ee728b)
Start importing Assets/Imports/kenney_interface-sounds (1)/Audio/question_004.ogg using Guid(0d2e3776c8383eb48b7027fa9a931ff5) Importer(815301076,1909f56bfc062723c751e8b465ee728b) (PreviewImporter) -> (artifact id: 'e75b59a6ae9265c5c69549fcfc9771e1') in 0.0127807 seconds
Number of updated asset objects reloaded before import = 0Number of asset objects unloaded after import = 2

========================================================================
Received Import Request.
  Time since last request: 0.000060 seconds.
  path: Assets/Imports/kenney_interface-sounds (1)/Audio/scratch_003.ogg
  artifactKey: Guid(27ceb1554f936084aa9924f2fa663b8d) Importer(815301076,1909f56bfc062723c751e8b465ee728b)
Start importing Assets/Imports/kenney_interface-sounds (1)/Audio/scratch_003.ogg using Guid(27ceb1554f936084aa9924f2fa663b8d) Importer(815301076,1909f56bfc062723c751e8b465ee728b) (PreviewImporter) -> (artifact id: 'd06f880468ed0f5ae0e1f955d6fb1c11') in 0.0106029 seconds
Number of updated asset objects reloaded before import = 0Number of asset objects unloaded after import = 2

========================================================================
Received Import Request.
  Time since last request: 0.000062 seconds.
  path: Assets/Imports/kenney_interface-sounds (1)/Audio/scroll_001.ogg
  artifactKey: Guid(5fb8151bb6ad3644097151838e932955) Importer(815301076,1909f56bfc062723c751e8b465ee728b)
Start importing Assets/Imports/kenney_interface-sounds (1)/Audio/scroll_001.ogg using Guid(5fb8151bb6ad3644097151838e932955) Importer(815301076,1909f56bfc062723c751e8b465ee728b) (PreviewImporter) -> (artifact id: 'aeaf502a3a6cdc8596bf9bd3100ad5fc') in 0.0107562 seconds
Number of updated asset objects reloaded before import = 0Number of asset objects unloaded after import = 2

========================================================================
Received Import Request.
  Time since last request: 0.000040 seconds.
  path: Assets/Imports/kenney_interface-sounds (1)/Audio/scroll_003.ogg
  artifactKey: Guid(7e3311316863a584c90b574cb6802097) Importer(815301076,1909f56bfc062723c751e8b465ee728b)
Start importing Assets/Imports/kenney_interface-sounds (1)/Audio/scroll_003.ogg using Guid(7e3311316863a584c90b574cb6802097) Importer(815301076,1909f56bfc062723c751e8b465ee728b) (PreviewImporter) -> (artifact id: '457859101f5b402ee5b506759df439c6') in 0.0098093 seconds
Number of updated asset objects reloaded before import = 0Number of asset objects unloaded after import = 2

========================================================================
Received Import Request.
  Time since last request: 0.000044 seconds.
  path: Assets/Imports/kenney_interface-sounds (1)/Audio/scratch_002.ogg
  artifactKey: Guid(3463cb24cadab3b438b3e7295968d1f1) Importer(815301076,1909f56bfc062723c751e8b465ee728b)
Start importing Assets/Imports/kenney_interface-sounds (1)/Audio/scratch_002.ogg using Guid(3463cb24cadab3b438b3e7295968d1f1) Importer(815301076,1909f56bfc062723c751e8b465ee728b) (PreviewImporter) -> (artifact id: '58733d6bbae932289ef072ad82b10109') in 0.0092545 seconds
Number of updated asset objects reloaded before import = 0Number of asset objects unloaded after import = 2

========================================================================
Received Import Request.
  Time since last request: 0.000063 seconds.
  path: Assets/Imports/kenney_interface-sounds (1)/Audio/scroll_004.ogg
  artifactKey: Guid(33b507ab5479a4f468ca89bd6482a672) Importer(815301076,1909f56bfc062723c751e8b465ee728b)
Start importing Assets/Imports/kenney_interface-sounds (1)/Audio/scroll_004.ogg using Guid(33b507ab5479a4f468ca89bd6482a672) Importer(815301076,1909f56bfc062723c751e8b465ee728b) (PreviewImporter) -> (artifact id: '3bbc8b78483efc675a310e21480e59bb') in 0.008926 seconds
Number of updated asset objects reloaded before import = 0Number of asset objects unloaded after import = 2

========================================================================
Received Prepare
[Licensing::Client] Successfully resolved entitlement details
Assembly reference Packages/com.unity.cinemachine/Editor/Samples/ExposeHDRPInternals/HDRP-Editor-ref.asmref has no target assembly definition
Assembly reference Packages/com.unity.cinemachine/Editor/Samples/ExposeHDRPInternals/HDRP-Editor-ref.asmref has no target assembly definition
Begin MonoManager ReloadAssembly
[Licensing::Client] Successfully resolved entitlement details
Symbol file LoadedFromMemory is not a mono symbol file
- Loaded All Assemblies, in  2.428 seconds
Assembly reference Packages/com.unity.cinemachine/Editor/Samples/ExposeHDRPInternals/HDRP-Editor-ref.asmref has no target assembly definition
'Packages/com.unity.cinemachine/Editor/Obsolete/CinemachineVirtualCameraBaseEditor.cs' contains partial class of Unity.Object, exactly 1 of the partial classes needs to be in a file with the same filename. This is to know the one that can be referenced from ie. GameObjects
'Packages/com.unity.cinemachine/Editor/Editors/CinemachineVirtualCameraBaseEditor.cs' contains partial class of Unity.Object, exactly 1 of the partial classes needs to be in a file with the same filename. This is to know the one that can be referenced from ie. GameObjects
Refreshing native plugins compatible for Editor in 22.66 ms, found 8 plugins.
Native extension for iOS target not found
Native extension for Android target not found
Native extension for WindowsStandalone target not found
Assembly reference Packages/com.unity.cinemachine/Editor/Samples/ExposeHDRPInternals/HDRP-Editor-ref.asmref has no target assembly definition
[Package Manager] Failed to launch server process. Reason: Unity was launched with the -noUpm command-line argument
[Package Manager] Unable to send message (not connected to server process).
[Package Manager] Cannot connect to Unity Package Manager local server
[Package Manager] Failed to launch server process. Reason: Unity was launched with the -noUpm command-line argument
[Package Manager] Unable to send message (not connected to server process).
[Package Manager] Cannot connect to Unity Package Manager local server
Mono: successfully reloaded assembly
- Finished resetting the current domain, in  1.335 seconds
Domain Reload Profiling: 3750ms
	BeginReloadAssembly (977ms)
		ExecutionOrderSort (0ms)
		DisableScriptedObjects (153ms)
		BackupInstance (0ms)
		ReleaseScriptingObjects (1ms)
		CreateAndSetChildDomain (463ms)
	RebuildCommonClasses (46ms)
	RebuildNativeTypeToScriptingClass (15ms)
	initialDomainReloadingComplete (73ms)
	LoadAllAssembliesAndSetupDomain (1304ms)
		LoadAssemblies (1149ms)
		RebuildTransferFunctionScriptingTraits (0ms)
		AnalyzeDomain (354ms)
			TypeCache.Refresh (15ms)
				TypeCache.ScanAssembly (0ms)
			BuildScriptInfoCaches (312ms)
			ResolveRequiredComponents (18ms)
	FinalizeReload (1336ms)
		ReleaseScriptCaches (0ms)
		RebuildScriptCaches (0ms)
		SetupLoadedEditorAssemblies (1094ms)
			LogAssemblyErrors (0ms)
			InitializePlatformSupportModulesInManaged (37ms)
			SetLoadedEditorAssemblies (5ms)
			BeforeProcessingInitializeOnLoad (259ms)
			ProcessInitializeOnLoadAttributes (660ms)
			ProcessInitializeOnLoadMethodAttributes (111ms)
			AfterProcessingInitializeOnLoad (22ms)
			EditorAssembliesLoaded (1ms)
		ExecutionOrderSort2 (0ms)
		AwakeInstancesAfterBackupRestoration (17ms)
Refreshing native plugins compatible for Editor in 38.58 ms, found 8 plugins.
Preloading 0 native plugins for Editor in 0.00 ms.
Unloading 15 Unused Serialized files (Serialized files now loaded: 0)
Unloading 8482 unused Assets / (4.5 MB). Loaded Objects now: 9260.
Memory consumption went from 162.5 MB to 158.0 MB.
Total: 21.801800 ms (FindLiveObjects: 2.761800 ms CreateObjectMapping: 2.227300 ms MarkObjects: 9.355900 ms  DeleteObjects: 7.453900 ms)

Prepare: number of updated asset objects reloaded= 0
